com/example/pm/Controller/MainWindowController$2.class
com/example/pm/Controller/AddAccountController.class
com/example/pm/Model/PasswordGenerator.class
com/example/pm/Controller/ImportWindowController.class
com/example/pm/Controller/CreateAccountController.class
com/example/pm/Controller/SettingsWindowController.class
com/example/pm/Controller/MainWindowController$4.class
com/example/pm/Model/Account.class
com/example/pm/Controller/MainWindowController.class
module-info.class
com/example/pm/Controller/ChangeUsernameController.class
com/example/pm/Model/NoteAccount.class
com/example/pm/Model/LoginAccount$Builder.class
com/example/pm/Model/CardAccount.class
com/example/pm/Controller/MainWindowController$3.class
com/example/pm/Controller/LoginWindowController.class
com/example/pm/Model/LoginAccount.class
com/example/pm/Model/CardAccount$Builder.class
com/example/pm/Model/NoteAccount$Builder.class
com/example/pm/Model/EncryptionService.class
com/example/pm/Controller/ChangePasswordController.class
com/example/pm/Controller/DeleteAccountController.class
com/example/pm/Main.class
com/example/pm/Controller/MainWindowController$1.class
com/example/pm/Model/AccountManager.class
com/example/pm/Controller/GeneratePasswordController.class
