/Users/xhuljantinaj/Desktop/PasswordManager/src/main/java/com/example/pm/Controller/AddAccountController.java
/Users/xhuljantinaj/Desktop/PasswordManager/src/main/java/com/example/pm/Controller/ChangePasswordController.java
/Users/xhuljantinaj/Desktop/PasswordManager/src/main/java/com/example/pm/Controller/ChangeUsernameController.java
/Users/xhuljantinaj/Desktop/PasswordManager/src/main/java/com/example/pm/Controller/CreateAccountController.java
/Users/xhuljantinaj/Desktop/PasswordManager/src/main/java/com/example/pm/Controller/DeleteAccountController.java
/Users/xhuljantinaj/Desktop/PasswordManager/src/main/java/com/example/pm/Controller/GeneratePasswordController.java
/Users/xhuljantinaj/Desktop/PasswordManager/src/main/java/com/example/pm/Controller/ImportWindowController.java
/Users/xhuljantinaj/Desktop/PasswordManager/src/main/java/com/example/pm/Controller/LoginWindowController.java
/Users/xhuljantinaj/Desktop/PasswordManager/src/main/java/com/example/pm/Controller/MainWindowController.java
/Users/xhuljantinaj/Desktop/PasswordManager/src/main/java/com/example/pm/Controller/SettingsWindowController.java
/Users/xhuljantinaj/Desktop/PasswordManager/src/main/java/com/example/pm/Main.java
/Users/xhuljantinaj/Desktop/PasswordManager/src/main/java/com/example/pm/Model/Account.java
/Users/xhuljantinaj/Desktop/PasswordManager/src/main/java/com/example/pm/Model/AccountManager.java
/Users/xhuljantinaj/Desktop/PasswordManager/src/main/java/com/example/pm/Model/CardAccount.java
/Users/xhuljantinaj/Desktop/PasswordManager/src/main/java/com/example/pm/Model/EncryptionService.java
/Users/xhuljantinaj/Desktop/PasswordManager/src/main/java/com/example/pm/Model/LoginAccount.java
/Users/xhuljantinaj/Desktop/PasswordManager/src/main/java/com/example/pm/Model/NoteAccount.java
/Users/xhuljantinaj/Desktop/PasswordManager/src/main/java/com/example/pm/Model/PasswordGenerator.java
/Users/xhuljantinaj/Desktop/PasswordManager/src/main/java/module-info.java
